[2023-02-05T13:48:31.588+0000][gc,heap] Heap region size: 1M
[2023-02-05T13:48:31.599+0000][gc     ] Using G1
[2023-02-05T13:48:31.599+0000][gc,heap,coops] Heap address: 0x00000000c0000000, size: 1024 MB, Compressed Oops mode: 32-bit
[2023-02-05T13:48:31.599+0000][gc,cds       ] Mark closed archive regions in map: [0x00000000fff00000, 0x00000000fff6aff8]
[2023-02-05T13:48:31.599+0000][gc,cds       ] Mark open archive regions in map: [0x00000000ffe00000, 0x00000000ffe47ff8]
[2023-02-05T13:48:32.947+0000][gc,start     ] GC(0) Pause Young (Normal) (G1 Evacuation Pause)
[2023-02-05T13:48:32.948+0000][gc,task      ] GC(0) Using 2 workers of 2 for evacuation
[2023-02-05T13:48:32.967+0000][gc,phases    ] GC(0)   Pre Evacuate Collection Set: 0.0ms
[2023-02-05T13:48:32.967+0000][gc,phases    ] GC(0)   Evacuate Collection Set: 18.7ms
[2023-02-05T13:48:32.967+0000][gc,phases    ] GC(0)   Post Evacuate Collection Set: 0.4ms
[2023-02-05T13:48:32.967+0000][gc,phases    ] GC(0)   Other: 0.3ms
[2023-02-05T13:48:32.967+0000][gc,heap      ] GC(0) Eden regions: 51->0(44)
[2023-02-05T13:48:32.967+0000][gc,heap      ] GC(0) Survivor regions: 0->7(7)
[2023-02-05T13:48:32.967+0000][gc,heap      ] GC(0) Old regions: 2->2
[2023-02-05T13:48:32.967+0000][gc,heap      ] GC(0) Humongous regions: 0->0
[2023-02-05T13:48:32.967+0000][gc,metaspace ] GC(0) Metaspace: 15395K(16000K)->15395K(16000K) NonClass: 13455K(13824K)->13455K(13824K) Class: 1940K(2176K)->1940K(2176K)
[2023-02-05T13:48:32.967+0000][gc           ] GC(0) Pause Young (Normal) (G1 Evacuation Pause) 51M->7M(1024M) 19.511ms
[2023-02-05T13:48:32.967+0000][gc,cpu       ] GC(0) User=0.03s Sys=0.01s Real=0.02s
[2023-02-05T13:48:33.511+0000][gc,start     ] GC(1) Pause Young (Concurrent Start) (Metadata GC Threshold)
[2023-02-05T13:48:33.511+0000][gc,task      ] GC(1) Using 2 workers of 2 for evacuation
[2023-02-05T13:48:33.524+0000][gc,phases    ] GC(1)   Pre Evacuate Collection Set: 0.1ms
[2023-02-05T13:48:33.524+0000][gc,phases    ] GC(1)   Evacuate Collection Set: 12.7ms
[2023-02-05T13:48:33.524+0000][gc,phases    ] GC(1)   Post Evacuate Collection Set: 0.3ms
[2023-02-05T13:48:33.524+0000][gc,phases    ] GC(1)   Other: 0.3ms
[2023-02-05T13:48:33.524+0000][gc,heap      ] GC(1) Eden regions: 22->0(50)
[2023-02-05T13:48:33.524+0000][gc,heap      ] GC(1) Survivor regions: 7->1(7)
[2023-02-05T13:48:33.524+0000][gc,heap      ] GC(1) Old regions: 2->9
[2023-02-05T13:48:33.524+0000][gc,heap      ] GC(1) Humongous regions: 0->0
[2023-02-05T13:48:33.524+0000][gc,metaspace ] GC(1) Metaspace: 20533K(21248K)->20533K(21248K) NonClass: 18000K(18432K)->18000K(18432K) Class: 2533K(2816K)->2533K(2816K)
[2023-02-05T13:48:33.524+0000][gc           ] GC(1) Pause Young (Concurrent Start) (Metadata GC Threshold) 28M->8M(1024M) 13.495ms
[2023-02-05T13:48:33.524+0000][gc,cpu       ] GC(1) User=0.02s Sys=0.00s Real=0.01s
[2023-02-05T13:48:33.524+0000][gc           ] GC(2) Concurrent Cycle
[2023-02-05T13:48:33.524+0000][gc,marking   ] GC(2) Concurrent Clear Claimed Marks
[2023-02-05T13:48:33.524+0000][gc,marking   ] GC(2) Concurrent Clear Claimed Marks 0.023ms
[2023-02-05T13:48:33.524+0000][gc,marking   ] GC(2) Concurrent Scan Root Regions
[2023-02-05T13:48:33.525+0000][gc,marking   ] GC(2) Concurrent Scan Root Regions 1.008ms
[2023-02-05T13:48:33.525+0000][gc,marking   ] GC(2) Concurrent Mark (1.941s)
[2023-02-05T13:48:33.525+0000][gc,marking   ] GC(2) Concurrent Mark From Roots
[2023-02-05T13:48:33.525+0000][gc,task      ] GC(2) Using 1 workers of 1 for marking
[2023-02-05T13:48:33.536+0000][gc,marking   ] GC(2) Concurrent Mark From Roots 10.693ms
[2023-02-05T13:48:33.536+0000][gc,marking   ] GC(2) Concurrent Preclean
[2023-02-05T13:48:33.536+0000][gc,marking   ] GC(2) Concurrent Preclean 0.061ms
[2023-02-05T13:48:33.536+0000][gc,marking   ] GC(2) Concurrent Mark (1.941s, 1.952s) 10.793ms
[2023-02-05T13:48:33.536+0000][gc,start     ] GC(2) Pause Remark
[2023-02-05T13:48:33.539+0000][gc,stringtable] GC(2) Cleaned string and symbol table, strings: 5042 processed, 0 removed, symbols: 51008 processed, 44 removed
[2023-02-05T13:48:33.540+0000][gc            ] GC(2) Pause Remark 8M->8M(1024M) 3.447ms
[2023-02-05T13:48:33.540+0000][gc,cpu        ] GC(2) User=0.01s Sys=0.00s Real=0.00s
[2023-02-05T13:48:33.540+0000][gc,marking    ] GC(2) Concurrent Rebuild Remembered Sets
[2023-02-05T13:48:33.544+0000][gc,marking    ] GC(2) Concurrent Rebuild Remembered Sets 4.751ms
[2023-02-05T13:48:33.545+0000][gc,start      ] GC(2) Pause Cleanup
[2023-02-05T13:48:33.545+0000][gc            ] GC(2) Pause Cleanup 9M->9M(1024M) 0.208ms
[2023-02-05T13:48:33.545+0000][gc,cpu        ] GC(2) User=0.00s Sys=0.00s Real=0.00s
[2023-02-05T13:48:33.545+0000][gc,marking    ] GC(2) Concurrent Cleanup for Next Mark
[2023-02-05T13:48:33.556+0000][gc,marking    ] GC(2) Concurrent Cleanup for Next Mark 11.053ms
[2023-02-05T13:48:33.556+0000][gc            ] GC(2) Concurrent Cycle 31.835ms
[2023-02-05T13:48:34.539+0000][gc,start      ] GC(3) Pause Young (Normal) (G1 Evacuation Pause)
[2023-02-05T13:48:34.539+0000][gc,task       ] GC(3) Using 2 workers of 2 for evacuation
[2023-02-05T13:48:34.548+0000][gc,phases     ] GC(3)   Pre Evacuate Collection Set: 0.0ms
[2023-02-05T13:48:34.548+0000][gc,phases     ] GC(3)   Evacuate Collection Set: 8.3ms
[2023-02-05T13:48:34.548+0000][gc,phases     ] GC(3)   Post Evacuate Collection Set: 0.4ms
[2023-02-05T13:48:34.548+0000][gc,phases     ] GC(3)   Other: 0.2ms
[2023-02-05T13:48:34.548+0000][gc,heap       ] GC(3) Eden regions: 50->0(46)
[2023-02-05T13:48:34.548+0000][gc,heap       ] GC(3) Survivor regions: 1->5(7)
[2023-02-05T13:48:34.548+0000][gc,heap       ] GC(3) Old regions: 9->9
[2023-02-05T13:48:34.548+0000][gc,heap       ] GC(3) Humongous regions: 129->129
[2023-02-05T13:48:34.548+0000][gc,metaspace  ] GC(3) Metaspace: 29948K(31104K)->29948K(31104K) NonClass: 26435K(27136K)->26435K(27136K) Class: 3512K(3968K)->3512K(3968K)
[2023-02-05T13:48:34.548+0000][gc            ] GC(3) Pause Young (Normal) (G1 Evacuation Pause) 187M->141M(1024M) 9.056ms
[2023-02-05T13:48:34.548+0000][gc,cpu        ] GC(3) User=0.02s Sys=0.00s Real=0.01s
[2023-02-05T13:48:34.854+0000][gc,start      ] GC(4) Pause Young (Concurrent Start) (Metadata GC Threshold)
[2023-02-05T13:48:34.854+0000][gc,task       ] GC(4) Using 2 workers of 2 for evacuation
[2023-02-05T13:48:34.866+0000][gc,phases     ] GC(4)   Pre Evacuate Collection Set: 0.1ms
[2023-02-05T13:48:34.866+0000][gc,phases     ] GC(4)   Evacuate Collection Set: 10.4ms
[2023-02-05T13:48:34.866+0000][gc,phases     ] GC(4)   Post Evacuate Collection Set: 0.3ms
[2023-02-05T13:48:34.866+0000][gc,phases     ] GC(4)   Other: 0.3ms
[2023-02-05T13:48:34.866+0000][gc,heap       ] GC(4) Eden regions: 21->0(49)
[2023-02-05T13:48:34.866+0000][gc,heap       ] GC(4) Survivor regions: 5->2(7)
[2023-02-05T13:48:34.866+0000][gc,heap       ] GC(4) Old regions: 9->13
[2023-02-05T13:48:34.866+0000][gc,heap       ] GC(4) Humongous regions: 129->129
[2023-02-05T13:48:34.866+0000][gc,metaspace  ] GC(4) Metaspace: 34456K(35840K)->34456K(35840K) NonClass: 30356K(31104K)->30356K(31104K) Class: 4100K(4736K)->4100K(4736K)
[2023-02-05T13:48:34.866+0000][gc            ] GC(4) Pause Young (Concurrent Start) (Metadata GC Threshold) 162M->141M(1024M) 11.216ms
[2023-02-05T13:48:34.866+0000][gc,cpu        ] GC(4) User=0.02s Sys=0.01s Real=0.00s
[2023-02-05T13:48:34.866+0000][gc            ] GC(5) Concurrent Cycle
[2023-02-05T13:48:34.866+0000][gc,marking    ] GC(5) Concurrent Clear Claimed Marks
[2023-02-05T13:48:34.866+0000][gc,marking    ] GC(5) Concurrent Clear Claimed Marks 0.041ms
[2023-02-05T13:48:34.866+0000][gc,marking    ] GC(5) Concurrent Scan Root Regions
[2023-02-05T13:48:34.867+0000][gc,marking    ] GC(5) Concurrent Scan Root Regions 1.530ms
[2023-02-05T13:48:34.867+0000][gc,marking    ] GC(5) Concurrent Mark (3.283s)
[2023-02-05T13:48:34.867+0000][gc,marking    ] GC(5) Concurrent Mark From Roots
[2023-02-05T13:48:34.867+0000][gc,task       ] GC(5) Using 1 workers of 1 for marking
[2023-02-05T13:48:34.889+0000][gc,marking    ] GC(5) Concurrent Mark From Roots 21.531ms
[2023-02-05T13:48:34.889+0000][gc,marking    ] GC(5) Concurrent Preclean
[2023-02-05T13:48:34.889+0000][gc,marking    ] GC(5) Concurrent Preclean 0.081ms
[2023-02-05T13:48:34.889+0000][gc,marking    ] GC(5) Concurrent Mark (3.283s, 3.305s) 21.657ms
[2023-02-05T13:48:34.891+0000][gc,start      ] GC(5) Pause Remark
[2023-02-05T13:48:34.894+0000][gc,stringtable] GC(5) Cleaned string and symbol table, strings: 10139 processed, 12 removed, symbols: 81786 processed, 18 removed
[2023-02-05T13:48:34.895+0000][gc            ] GC(5) Pause Remark 142M->142M(1024M) 3.473ms
[2023-02-05T13:48:34.895+0000][gc,cpu        ] GC(5) User=0.01s Sys=0.00s Real=0.01s
[2023-02-05T13:48:34.895+0000][gc,marking    ] GC(5) Concurrent Rebuild Remembered Sets
[2023-02-05T13:48:34.918+0000][gc,marking    ] GC(5) Concurrent Rebuild Remembered Sets 22.367ms
[2023-02-05T13:48:34.918+0000][gc,start      ] GC(5) Pause Cleanup
[2023-02-05T13:48:34.918+0000][gc            ] GC(5) Pause Cleanup 142M->142M(1024M) 0.178ms
[2023-02-05T13:48:34.918+0000][gc,cpu        ] GC(5) User=0.00s Sys=0.00s Real=0.00s
[2023-02-05T13:48:34.918+0000][gc,marking    ] GC(5) Concurrent Cleanup for Next Mark
[2023-02-05T13:48:34.953+0000][gc,marking    ] GC(5) Concurrent Cleanup for Next Mark 34.856ms
[2023-02-05T13:48:34.953+0000][gc            ] GC(5) Concurrent Cycle 87.327ms
[2023-02-05T14:13:42.804+0000][gc,start      ] GC(6) Pause Young (Normal) (G1 Evacuation Pause)
[2023-02-05T14:13:42.804+0000][gc,task       ] GC(6) Using 2 workers of 2 for evacuation
[2023-02-05T14:13:42.812+0000][gc,phases     ] GC(6)   Pre Evacuate Collection Set: 0.0ms
[2023-02-05T14:13:42.812+0000][gc,phases     ] GC(6)   Evacuate Collection Set: 7.1ms
[2023-02-05T14:13:42.812+0000][gc,phases     ] GC(6)   Post Evacuate Collection Set: 0.5ms
[2023-02-05T14:13:42.812+0000][gc,phases     ] GC(6)   Other: 0.2ms
[2023-02-05T14:13:42.812+0000][gc,heap       ] GC(6) Eden regions: 49->0(48)
[2023-02-05T14:13:42.812+0000][gc,heap       ] GC(6) Survivor regions: 2->3(7)
[2023-02-05T14:13:42.812+0000][gc,heap       ] GC(6) Old regions: 13->13
[2023-02-05T14:13:42.812+0000][gc,heap       ] GC(6) Humongous regions: 129->129
[2023-02-05T14:13:42.812+0000][gc,metaspace  ] GC(6) Metaspace: 40456K(42880K)->40456K(42880K) NonClass: 35322K(36608K)->35322K(36608K) Class: 5134K(6272K)->5134K(6272K)
[2023-02-05T14:13:42.812+0000][gc            ] GC(6) Pause Young (Normal) (G1 Evacuation Pause) 190M->143M(1024M) 7.929ms
[2023-02-05T14:13:42.812+0000][gc,cpu        ] GC(6) User=0.01s Sys=0.00s Real=0.01s
[2023-02-05T14:43:35.518+0000][gc,start      ] GC(7) Pause Young (Normal) (G1 Evacuation Pause)
[2023-02-05T14:43:35.518+0000][gc,task       ] GC(7) Using 2 workers of 2 for evacuation
[2023-02-05T14:43:35.527+0000][gc,phases     ] GC(7)   Pre Evacuate Collection Set: 0.0ms
[2023-02-05T14:43:35.527+0000][gc,phases     ] GC(7)   Evacuate Collection Set: 7.2ms
[2023-02-05T14:43:35.527+0000][gc,phases     ] GC(7)   Post Evacuate Collection Set: 0.7ms
[2023-02-05T14:43:35.527+0000][gc,phases     ] GC(7)   Other: 0.2ms
[2023-02-05T14:43:35.527+0000][gc,heap       ] GC(7) Eden regions: 48->0(47)
[2023-02-05T14:43:35.527+0000][gc,heap       ] GC(7) Survivor regions: 3->4(7)
[2023-02-05T14:43:35.527+0000][gc,heap       ] GC(7) Old regions: 13->13
[2023-02-05T14:43:35.527+0000][gc,heap       ] GC(7) Humongous regions: 129->129
[2023-02-05T14:43:35.527+0000][gc,metaspace  ] GC(7) Metaspace: 41369K(43776K)->41369K(43776K) NonClass: 36119K(37376K)->36119K(37376K) Class: 5249K(6400K)->5249K(6400K)
[2023-02-05T14:43:35.527+0000][gc            ] GC(7) Pause Young (Normal) (G1 Evacuation Pause) 191M->144M(1024M) 8.273ms
[2023-02-05T14:43:35.527+0000][gc,cpu        ] GC(7) User=0.01s Sys=0.00s Real=0.01s
[2023-02-05T15:19:04.775+0000][gc,start      ] GC(8) Pause Young (Normal) (G1 Evacuation Pause)
[2023-02-05T15:19:04.775+0000][gc,task       ] GC(8) Using 2 workers of 2 for evacuation
[2023-02-05T15:19:04.787+0000][gc,phases     ] GC(8)   Pre Evacuate Collection Set: 0.0ms
[2023-02-05T15:19:04.787+0000][gc,phases     ] GC(8)   Evacuate Collection Set: 11.2ms
[2023-02-05T15:19:04.787+0000][gc,phases     ] GC(8)   Post Evacuate Collection Set: 0.7ms
[2023-02-05T15:19:04.787+0000][gc,phases     ] GC(8)   Other: 0.2ms
[2023-02-05T15:19:04.787+0000][gc,heap       ] GC(8) Eden regions: 47->0(46)
[2023-02-05T15:19:04.787+0000][gc,heap       ] GC(8) Survivor regions: 4->5(7)
[2023-02-05T15:19:04.787+0000][gc,heap       ] GC(8) Old regions: 13->13
[2023-02-05T15:19:04.787+0000][gc,heap       ] GC(8) Humongous regions: 129->129
[2023-02-05T15:19:04.787+0000][gc,metaspace  ] GC(8) Metaspace: 41692K(44288K)->41692K(44288K) NonClass: 36433K(37888K)->36433K(37888K) Class: 5259K(6400K)->5259K(6400K)
[2023-02-05T15:19:04.787+0000][gc            ] GC(8) Pause Young (Normal) (G1 Evacuation Pause) 191M->144M(1024M) 12.201ms
[2023-02-05T15:19:04.787+0000][gc,cpu        ] GC(8) User=0.02s Sys=0.00s Real=0.01s
[2023-02-05T15:55:48.946+0000][gc,start      ] GC(9) Pause Young (Normal) (G1 Evacuation Pause)
[2023-02-05T15:55:48.946+0000][gc,task       ] GC(9) Using 2 workers of 2 for evacuation
[2023-02-05T15:55:48.957+0000][gc,phases     ] GC(9)   Pre Evacuate Collection Set: 0.0ms
[2023-02-05T15:55:48.957+0000][gc,phases     ] GC(9)   Evacuate Collection Set: 10.3ms
[2023-02-05T15:55:48.957+0000][gc,phases     ] GC(9)   Post Evacuate Collection Set: 0.6ms
[2023-02-05T15:55:48.957+0000][gc,phases     ] GC(9)   Other: 0.3ms
[2023-02-05T15:55:48.957+0000][gc,heap       ] GC(9) Eden regions: 46->0(47)
[2023-02-05T15:55:48.957+0000][gc,heap       ] GC(9) Survivor regions: 5->4(7)
[2023-02-05T15:55:48.957+0000][gc,heap       ] GC(9) Old regions: 13->15
[2023-02-05T15:55:48.957+0000][gc,heap       ] GC(9) Humongous regions: 129->129
[2023-02-05T15:55:48.957+0000][gc,metaspace  ] GC(9) Metaspace: 41792K(44288K)->41792K(44288K) NonClass: 36533K(37888K)->36533K(37888K) Class: 5259K(6400K)->5259K(6400K)
[2023-02-05T15:55:48.957+0000][gc            ] GC(9) Pause Young (Normal) (G1 Evacuation Pause) 190M->145M(1024M) 11.290ms
[2023-02-05T15:55:48.957+0000][gc,cpu        ] GC(9) User=0.02s Sys=0.00s Real=0.02s
[2023-02-05T16:45:42.804+0000][gc,start      ] GC(10) Pause Young (Normal) (G1 Evacuation Pause)
[2023-02-05T16:45:42.804+0000][gc,task       ] GC(10) Using 2 workers of 2 for evacuation
[2023-02-05T16:45:42.812+0000][gc,phases     ] GC(10)   Pre Evacuate Collection Set: 0.0ms
[2023-02-05T16:45:42.812+0000][gc,phases     ] GC(10)   Evacuate Collection Set: 7.1ms
[2023-02-05T16:45:42.812+0000][gc,phases     ] GC(10)   Post Evacuate Collection Set: 0.6ms
[2023-02-05T16:45:42.812+0000][gc,phases     ] GC(10)   Other: 0.2ms
[2023-02-05T16:45:42.812+0000][gc,heap       ] GC(10) Eden regions: 47->0(47)
[2023-02-05T16:45:42.812+0000][gc,heap       ] GC(10) Survivor regions: 4->4(7)
[2023-02-05T16:45:42.812+0000][gc,heap       ] GC(10) Old regions: 15->15
[2023-02-05T16:45:42.812+0000][gc,heap       ] GC(10) Humongous regions: 129->129
[2023-02-05T16:45:42.812+0000][gc,metaspace  ] GC(10) Metaspace: 41834K(44288K)->41834K(44288K) NonClass: 36574K(37888K)->36574K(37888K) Class: 5259K(6400K)->5259K(6400K)
[2023-02-05T16:45:42.812+0000][gc            ] GC(10) Pause Young (Normal) (G1 Evacuation Pause) 192M->145M(1024M) 8.136ms
[2023-02-05T16:45:42.812+0000][gc,cpu        ] GC(10) User=0.02s Sys=0.00s Real=0.01s
