[2023-02-05T10:54:50.170+0000][gc,heap] Heap region size: 1M
[2023-02-05T10:54:50.181+0000][gc     ] Using G1
[2023-02-05T10:54:50.181+0000][gc,heap,coops] Heap address: 0x00000000c0000000, size: 1024 MB, Compressed Oops mode: 32-bit
[2023-02-05T10:54:50.181+0000][gc,cds       ] Mark closed archive regions in map: [0x00000000fff00000, 0x00000000fff6aff8]
[2023-02-05T10:54:50.181+0000][gc,cds       ] Mark open archive regions in map: [0x00000000ffe00000, 0x00000000ffe47ff8]
[2023-02-05T10:55:08.928+0000][gc,start     ] GC(0) Pause Young (Normal) (G1 Evacuation Pause)
[2023-02-05T10:55:08.928+0000][gc,task      ] GC(0) Using 2 workers of 2 for evacuation
[2023-02-05T10:55:08.940+0000][gc,phases    ] GC(0)   Pre Evacuate Collection Set: 0.0ms
[2023-02-05T10:55:08.940+0000][gc,phases    ] GC(0)   Evacuate Collection Set: 11.2ms
[2023-02-05T10:55:08.940+0000][gc,phases    ] GC(0)   Post Evacuate Collection Set: 0.4ms
[2023-02-05T10:55:08.940+0000][gc,phases    ] GC(0)   Other: 1.0ms
[2023-02-05T10:55:08.940+0000][gc,heap      ] GC(0) Eden regions: 51->0(44)
[2023-02-05T10:55:08.940+0000][gc,heap      ] GC(0) Survivor regions: 0->7(7)
[2023-02-05T10:55:08.940+0000][gc,heap      ] GC(0) Old regions: 2->2
[2023-02-05T10:55:08.940+0000][gc,heap      ] GC(0) Humongous regions: 0->0
[2023-02-05T10:55:08.940+0000][gc,metaspace ] GC(0) Metaspace: 14839K(15488K)->14839K(15488K) NonClass: 12984K(13312K)->12984K(13312K) Class: 1855K(2176K)->1855K(2176K)
[2023-02-05T10:55:08.940+0000][gc           ] GC(0) Pause Young (Normal) (G1 Evacuation Pause) 51M->6M(1024M) 12.062ms
[2023-02-05T10:55:08.940+0000][gc,cpu       ] GC(0) User=0.03s Sys=0.00s Real=0.01s
[2023-02-05T10:55:08.956+0000][gc,heap,exit ] Heap
[2023-02-05T10:55:08.956+0000][gc,heap,exit ]  garbage-first heap   total 1048576K, used 7157K [0x00000000c0000000, 0x0000000100000000)
[2023-02-05T10:55:08.956+0000][gc,heap,exit ]   region size 1024K, 8 young (8192K), 7 survivors (7168K)
[2023-02-05T10:55:08.956+0000][gc,heap,exit ]  Metaspace       used 14927K, capacity 15414K, committed 15744K, reserved 1062912K
[2023-02-05T10:55:08.956+0000][gc,heap,exit ]   class space    used 1867K, capacity 2073K, committed 2176K, reserved 1048576K
