[2023-02-05T10:54:08.906+0000][gc,heap] Heap region size: 1M
[2023-02-05T10:54:08.917+0000][gc     ] Using G1
[2023-02-05T10:54:08.918+0000][gc,heap,coops] Heap address: 0x00000000c0000000, size: 1024 MB, Compressed Oops mode: 32-bit
[2023-02-05T10:54:08.918+0000][gc,cds       ] Mark closed archive regions in map: [0x00000000fff00000, 0x00000000fff6aff8]
[2023-02-05T10:54:08.918+0000][gc,cds       ] Mark open archive regions in map: [0x00000000ffe00000, 0x00000000ffe47ff8]
[2023-02-05T10:54:29.841+0000][gc,heap,exit ] Heap
[2023-02-05T10:54:29.841+0000][gc,heap,exit ]  garbage-first heap   total 1048576K, used 51916K [0x00000000c0000000, 0x0000000100000000)
[2023-02-05T10:54:29.841+0000][gc,heap,exit ]   region size 1024K, 51 young (52224K), 0 survivors (0K)
[2023-02-05T10:54:29.841+0000][gc,heap,exit ]  Metaspace       used 15189K, capacity 15651K, committed 15744K, reserved 1062912K
[2023-02-05T10:54:29.841+0000][gc,heap,exit ]   class space    used 1899K, capacity 2095K, committed 2176K, reserved 1048576K
