[2023-02-05T13:36:16.055+0000][gc,heap] Heap region size: 1M
[2023-02-05T13:36:16.062+0000][gc     ] Using G1
[2023-02-05T13:36:16.062+0000][gc,heap,coops] Heap address: 0x00000000e0000000, size: 512 MB, Compressed Oops mode: 32-bit
[2023-02-05T13:36:16.062+0000][gc,cds       ] Mark closed archive regions in map: [0x00000000fff00000, 0x00000000fff6aff8]
[2023-02-05T13:36:16.062+0000][gc,cds       ] Mark open archive regions in map: [0x00000000ffe00000, 0x00000000ffe47ff8]
[2023-02-05T13:36:17.099+0000][gc,heap,exit ] Heap
[2023-02-05T13:36:17.099+0000][gc,heap,exit ]  garbage-first heap   total 524288K, used 19148K [0x00000000e0000000, 0x0000000100000000)
[2023-02-05T13:36:17.099+0000][gc,heap,exit ]   region size 1024K, 19 young (19456K), 0 survivors (0K)
[2023-02-05T13:36:17.099+0000][gc,heap,exit ]  Metaspace       used 6850K, capacity 7112K, committed 7296K, reserved 1056768K
[2023-02-05T13:36:17.099+0000][gc,heap,exit ]   class space    used 783K, capacity 884K, committed 896K, reserved 1048576K
