[2023-02-05T13:46:35.079+0000][gc,heap] Heap region size: 1M
[2023-02-05T13:46:35.085+0000][gc     ] Using G1
[2023-02-05T13:46:35.085+0000][gc,heap,coops] Heap address: 0x00000000e0000000, size: 512 MB, Compressed Oops mode: 32-bit
[2023-02-05T13:46:35.086+0000][gc,cds       ] Mark closed archive regions in map: [0x00000000fff00000, 0x00000000fff6aff8]
[2023-02-05T13:46:35.086+0000][gc,cds       ] Mark open archive regions in map: [0x00000000ffe00000, 0x00000000ffe47ff8]
[2023-02-05T13:48:32.989+0000][gc,start     ] GC(0) Pause Young (Normal) (G1 Evacuation Pause)
[2023-02-05T13:48:32.990+0000][gc,task      ] GC(0) Using 2 workers of 2 for evacuation
[2023-02-05T13:48:33.000+0000][gc,phases    ] GC(0)   Pre Evacuate Collection Set: 0.0ms
[2023-02-05T13:48:33.000+0000][gc,phases    ] GC(0)   Evacuate Collection Set: 10.5ms
[2023-02-05T13:48:33.000+0000][gc,phases    ] GC(0)   Post Evacuate Collection Set: 0.3ms
[2023-02-05T13:48:33.000+0000][gc,phases    ] GC(0)   Other: 0.3ms
[2023-02-05T13:48:33.000+0000][gc,heap      ] GC(0) Eden regions: 25->0(21)
[2023-02-05T13:48:33.000+0000][gc,heap      ] GC(0) Survivor regions: 0->4(4)
[2023-02-05T13:48:33.001+0000][gc,heap      ] GC(0) Old regions: 2->4
[2023-02-05T13:48:33.001+0000][gc,heap      ] GC(0) Humongous regions: 0->0
[2023-02-05T13:48:33.001+0000][gc,metaspace ] GC(0) Metaspace: 7721K(8192K)->7721K(8192K) NonClass: 6846K(7168K)->6846K(7168K) Class: 874K(1024K)->874K(1024K)
[2023-02-05T13:48:33.001+0000][gc           ] GC(0) Pause Young (Normal) (G1 Evacuation Pause) 25M->5M(512M) 11.161ms
[2023-02-05T13:48:33.001+0000][gc,cpu       ] GC(0) User=0.02s Sys=0.00s Real=0.01s
[2023-02-05T17:34:08.345+0000][gc,heap,exit ] Heap
[2023-02-05T17:34:08.345+0000][gc,heap,exit ]  garbage-first heap   total 524288K, used 18422K [0x00000000e0000000, 0x0000000100000000)
[2023-02-05T17:34:08.345+0000][gc,heap,exit ]   region size 1024K, 17 young (17408K), 4 survivors (4096K)
[2023-02-05T17:34:08.345+0000][gc,heap,exit ]  Metaspace       used 8364K, capacity 8652K, committed 8704K, reserved 1056768K
[2023-02-05T17:34:08.345+0000][gc,heap,exit ]   class space    used 891K, capacity 1014K, committed 1024K, reserved 1048576K
