[2023-02-05T10:55:54.196+0000][gc,heap] Heap region size: 1M
[2023-02-05T10:55:54.202+0000][gc     ] Using G1
[2023-02-05T10:55:54.202+0000][gc,heap,coops] Heap address: 0x00000000e0000000, size: 512 MB, Compressed Oops mode: 32-bit
[2023-02-05T10:55:54.202+0000][gc,cds       ] Mark closed archive regions in map: [0x00000000fff00000, 0x00000000fff6aff8]
[2023-02-05T10:55:54.202+0000][gc,cds       ] Mark open archive regions in map: [0x00000000ffe00000, 0x00000000ffe47ff8]
[2023-02-05T10:56:21.181+0000][gc,start     ] GC(0) Pause Young (Normal) (G1 Evacuation Pause)
[2023-02-05T10:56:21.181+0000][gc,task      ] GC(0) Using 2 workers of 2 for evacuation
[2023-02-05T10:56:21.197+0000][gc,phases    ] GC(0)   Pre Evacuate Collection Set: 0.0ms
[2023-02-05T10:56:21.197+0000][gc,phases    ] GC(0)   Evacuate Collection Set: 15.1ms
[2023-02-05T10:56:21.197+0000][gc,phases    ] GC(0)   Post Evacuate Collection Set: 0.3ms
[2023-02-05T10:56:21.197+0000][gc,phases    ] GC(0)   Other: 0.3ms
[2023-02-05T10:56:21.197+0000][gc,heap      ] GC(0) Eden regions: 25->0(21)
[2023-02-05T10:56:21.197+0000][gc,heap      ] GC(0) Survivor regions: 0->4(4)
[2023-02-05T10:56:21.197+0000][gc,heap      ] GC(0) Old regions: 2->4
[2023-02-05T10:56:21.197+0000][gc,heap      ] GC(0) Humongous regions: 0->0
[2023-02-05T10:56:21.197+0000][gc,metaspace ] GC(0) Metaspace: 7724K(8192K)->7724K(8192K) NonClass: 6850K(7168K)->6850K(7168K) Class: 874K(1024K)->874K(1024K)
[2023-02-05T10:56:21.197+0000][gc           ] GC(0) Pause Young (Normal) (G1 Evacuation Pause) 25M->5M(512M) 15.797ms
[2023-02-05T10:56:21.197+0000][gc,cpu       ] GC(0) User=0.01s Sys=0.00s Real=0.02s
[2023-02-05T13:37:22.420+0000][gc,heap,exit ] Heap
[2023-02-05T13:37:22.424+0000][gc,heap,exit ]  garbage-first heap   total 524288K, used 16366K [0x00000000e0000000, 0x0000000100000000)
[2023-02-05T13:37:22.424+0000][gc,heap,exit ]   region size 1024K, 15 young (15360K), 4 survivors (4096K)
[2023-02-05T13:37:22.424+0000][gc,heap,exit ]  Metaspace       used 8418K, capacity 8785K, committed 8960K, reserved 1056768K
[2023-02-05T13:37:22.424+0000][gc,heap,exit ]   class space    used 893K, capacity 1014K, committed 1024K, reserved 1048576K
